// Jest Snapshot v1, https://goo.gl/fbAQLP

exports[`<Title/> renders correctly dark theme  1`] = `
<div
  className="title dark"
>
  <h1>
    Random
  </h1>
  <p />
</div>
`;
