// Jest Snapshot v1, https://goo.gl/fbAQLP

exports[`renders correctly 1`] = `
<div
  className="circle black big"
>
  <span
    className="fa fa-heart fa-2x"
  />
</div>
`;
