// Jest Snapshot v1, https://goo.gl/fbAQLP

exports[`<Skew/> renders correctly 1`] = `
<div
  className="skew zindex-0"
>
  <div
    className="rotate"
  />
</div>
`;
